// Jest Snapshot v1, https://goo.gl/fbAQLP

exports[`Spinner should render correctly 1`] = `
<div
  className="loadingio-spinner-spin-ndgslan05n"
>
  <div
    className="ldio-lenc1v6s21e"
  >
    <div>
      <div />
    </div>
    <div>
      <div />
    </div>
    <div>
      <div />
    </div>
    <div>
      <div />
    </div>
    <div>
      <div />
    </div>
    <div>
      <div />
    </div>
    <div>
      <div />
    </div>
    <div>
      <div />
    </div>
    <div>
      <div />
    </div>
    <div>
      <div />
    </div>
    <div>
      <div />
    </div>
    <div>
      <div />
    </div>
    <div>
      <div />
    </div>
  </div>
</div>
`;
