// Jest Snapshot v1, https://goo.gl/fbAQLP

exports[`MovieCard should render correctly 1`] = `
<article
  className="small-movie-card catalog__movies-card"
  onClick={[Function]}
>
  <div
    className="small-movie-card__image"
    onMouseEnter={[Function]}
    onMouseLeave={[Function]}
  >
    <video
      height="175"
      muted={true}
      poster="img/harry-potter.jpg"
      preload="none"
      src="https://upload.wikimedia.org/wikipedia/commons/b/bb/2020-06-19_%E2%80%94_Fechner_monument%2C_Diepenheim.webm"
      width="280"
    />
  </div>
  <h3
    className="small-movie-card__title"
  >
    <a
      className="small-movie-card__link"
      href="movie-page.html"
      onClick={[Function]}
    >
      Harry Potter
    </a>
  </h3>
</article>
`;
