// Jest Snapshot v1, https://goo.gl/fbAQLP

exports[`MovieCard should render correctly 1`] = `
<article
  className="small-movie-card catalog__movies-card"
  onClick={[Function]}
>
  <video
    height="175"
    onMouseEnter={[Function]}
    onMouseLeave={[Function]}
    preload="none"
    width="280"
  />
  <h3
    className="small-movie-card__title"
  >
    <a
      className="small-movie-card__link"
      href="movie-page.html"
      onClick={[Function]}
    >
      Harry Potter
    </a>
  </h3>
</article>
`;
